test_admission_is_not_a_path_or_durable_ack (test_async_persistence.TestAsyncLogger.test_admission_is_not_a_path_or_durable_ack) ... ok
test_close_with_blocked_writer_is_bounded_and_not_durable (test_async_persistence.TestAsyncLogger.test_close_with_blocked_writer_is_bounded_and_not_durable) ... ok
test_confirmed_receipts_remain_confirmed_across_worker_restart (test_async_persistence.TestAsyncLogger.test_confirmed_receipts_remain_confirmed_across_worker_restart) ... ok
test_disk_recovery_attempts_are_bounded_without_replacing_live_worker (test_async_persistence.TestAsyncLogger.test_disk_recovery_attempts_are_bounded_without_replacing_live_worker) ... ok
test_end_barrier_waits_for_all_admitted_pairs_and_records_loss (test_async_persistence.TestAsyncLogger.test_end_barrier_waits_for_all_admitted_pairs_and_records_loss) ... ok
test_full_rejects_new_and_keeps_every_accepted_id (test_async_persistence.TestAsyncLogger.test_full_rejects_new_and_keeps_every_accepted_id) ... ok
test_oversize_and_contention_are_explicit_nonblocking_rejections (test_async_persistence.TestAsyncLogger.test_oversize_and_contention_are_explicit_nonblocking_rejections) ... ok
test_partial_write_failure_retries_without_duplicate_telemetry (test_async_persistence.TestAsyncLogger.test_partial_write_failure_retries_without_duplicate_telemetry) ... ok
test_replacement_attempts_are_bounded_to_two (test_async_persistence.TestAsyncLogger.test_replacement_attempts_are_bounded_to_two) ... ok
test_reserved_event_lane_survives_full_telemetry_and_console (test_async_persistence.TestAsyncLogger.test_reserved_event_lane_survives_full_telemetry_and_console) ... {"message": "pending"}
{"message": "pending"}
ok
test_sampling_size_limit_and_jsonl_manifest_fields (test_async_persistence.TestAsyncLogger.test_sampling_size_limit_and_jsonl_manifest_fields) ... ok
test_worker_death_after_publication_reconciles_same_immutable_id (test_async_persistence.TestAsyncLogger.test_worker_death_after_publication_reconciles_same_immutable_id) ... ok
test_ack_lost_after_video_publication_is_reconciled_without_duplicate (test_async_persistence.TestAsyncRecorder.test_ack_lost_after_video_publication_is_reconciled_without_duplicate) ... ok
test_blocked_recorder_does_not_hold_logger_disk_locks (test_async_persistence.TestAsyncRecorder.test_blocked_recorder_does_not_hold_logger_disk_locks) ... ok
test_boundary_and_gap_tolerances_are_configured_and_inclusive (test_async_persistence.TestAsyncRecorder.test_boundary_and_gap_tolerances_are_configured_and_inclusive) ... ok
test_close_pending_does_not_claim_finalized_or_durable (test_async_persistence.TestAsyncRecorder.test_close_pending_does_not_claim_finalized_or_durable) ... ok
test_disabled_has_no_worker_arena_prebuffer_scan_or_copy (test_async_persistence.TestAsyncRecorder.test_disabled_has_no_worker_arena_prebuffer_scan_or_copy) ... ok
test_final_publication_exception_reconciles_without_duplicate_video (test_async_persistence.TestAsyncRecorder.test_final_publication_exception_reconciles_without_duplicate_video) ... ok
test_finalized_durable_file_can_have_incomplete_coverage (test_async_persistence.TestAsyncRecorder.test_finalized_durable_file_can_have_incomplete_coverage) ... ok
test_full_frame_arena_rejects_before_copy (test_async_persistence.TestAsyncRecorder.test_full_frame_arena_rejects_before_copy) ... ok
test_private_frame_survives_source_mutation (test_async_persistence.TestAsyncRecorder.test_private_frame_survives_source_mutation) ... ok
test_process_death_retains_queued_frames_and_marks_recovery_incomplete (test_async_persistence.TestAsyncRecorder.test_process_death_retains_queued_frames_and_marks_recovery_incomplete) ... ok
test_repeated_regressive_nonfinite_timestamps_do_not_extend_windows (test_async_persistence.TestAsyncRecorder.test_repeated_regressive_nonfinite_timestamps_do_not_extend_windows) ... ok
test_source_gap_and_missing_boundaries_are_independent (test_async_persistence.TestAsyncRecorder.test_source_gap_and_missing_boundaries_are_independent) ... ok
test_unavailable_incident_uses_independent_event_channel (test_async_persistence.TestAsyncRecorder.test_unavailable_incident_uses_independent_event_channel) ... ok
test_variable_fps_successive_incidents_keep_source_windows_and_ids (test_async_persistence.TestAsyncRecorder.test_variable_fps_successive_incidents_keep_source_windows_and_ids) ... ok
test_abstract_socket_snapshot_needs_no_disk_or_queue (test_async_persistence.TestHealthSocket.test_abstract_socket_snapshot_needs_no_disk_or_queue) ... ok

----------------------------------------------------------------------
Ran 27 tests in 19.958s

OK
