test_cli_elimina_opcoes_de_calibracao_e_pose_relativa (test_absolute_ear_runtime.TestAbsoluteEarRuntime.test_cli_elimina_opcoes_de_calibracao_e_pose_relativa) ... ok
test_cli_rejeita_threshold_invalido (test_absolute_ear_runtime.TestAbsoluteEarRuntime.test_cli_rejeita_threshold_invalido) ... ok
test_detector_rejeita_timestamps_regressivos_e_nao_finitos (test_absolute_ear_runtime.TestAbsoluteEarRuntime.test_detector_rejeita_timestamps_regressivos_e_nao_finitos) ... ok
test_ear_invalido_de_um_olho_nao_permite_sono (test_absolute_ear_runtime.TestAbsoluteEarRuntime.test_ear_invalido_de_um_olho_nao_permite_sono) ... ok
test_gap_de_meio_segundo_preserva_continuidade (test_absolute_ear_runtime.TestAbsoluteEarRuntime.test_gap_de_meio_segundo_preserva_continuidade) ... ok
test_gaps_de_600ms_e_34s_nao_viram_sono (test_absolute_ear_runtime.TestAbsoluteEarRuntime.test_gaps_de_600ms_e_34s_nao_viram_sono) ... ok
test_limiar_inclusivo_e_binocular (test_absolute_ear_runtime.TestAbsoluteEarRuntime.test_limiar_inclusivo_e_binocular) ... ok
test_pausa_nao_conta_como_recuperacao_continua (test_absolute_ear_runtime.TestAbsoluteEarRuntime.test_pausa_nao_conta_como_recuperacao_continua) ... ok
test_perda_de_face_ou_dos_olhos_interrompe_episodio (test_absolute_ear_runtime.TestAbsoluteEarRuntime.test_perda_de_face_ou_dos_olhos_interrompe_episodio) ... ok
test_reabertura_apos_gap_nao_publica_evento_prolongado (test_absolute_ear_runtime.TestAbsoluteEarRuntime.test_reabertura_apos_gap_nao_publica_evento_prolongado) ... ok
test_startup_nao_le_json_ausente_ou_invalido (test_absolute_ear_runtime.TestAbsoluteEarRuntime.test_startup_nao_le_json_ausente_ou_invalido) ... ok
test_threshold_configurado_e_compartilhado_com_perclos (test_absolute_ear_runtime.TestAbsoluteEarRuntime.test_threshold_configurado_e_compartilhado_com_perclos) ... ok
test_gap_nao_promove_piscada_para_perclos (test_absolute_ear_runtime.TestAbsolutePerclos.test_gap_nao_promove_piscada_para_perclos) ... ok
test_janela_de_60s_e_cobertura_de_80_por_cento (test_absolute_ear_runtime.TestAbsolutePerclos.test_janela_de_60s_e_cobertura_de_80_por_cento) ... ok
test_logs_preservam_codigos_rotulos_e_manifesto (test_absolute_ear_runtime.TestAbsolutePerclos.test_logs_preservam_codigos_rotulos_e_manifesto) ... ok
test_pausas_nao_alimentam_janela_binocular (test_absolute_ear_runtime.TestAbsolutePerclos.test_pausas_nao_alimentam_janela_binocular) ... ok
test_admission_is_not_a_path_or_durable_ack (test_async_persistence.TestAsyncLogger.test_admission_is_not_a_path_or_durable_ack) ... ok
test_close_with_blocked_writer_is_bounded_and_not_durable (test_async_persistence.TestAsyncLogger.test_close_with_blocked_writer_is_bounded_and_not_durable) ... ok
test_confirmed_receipts_remain_confirmed_across_worker_restart (test_async_persistence.TestAsyncLogger.test_confirmed_receipts_remain_confirmed_across_worker_restart) ... ok
test_disk_recovery_attempts_are_bounded_without_replacing_live_worker (test_async_persistence.TestAsyncLogger.test_disk_recovery_attempts_are_bounded_without_replacing_live_worker) ... ok
test_end_barrier_waits_for_all_admitted_pairs_and_records_loss (test_async_persistence.TestAsyncLogger.test_end_barrier_waits_for_all_admitted_pairs_and_records_loss) ... ok
test_full_rejects_new_and_keeps_every_accepted_id (test_async_persistence.TestAsyncLogger.test_full_rejects_new_and_keeps_every_accepted_id) ... ok
test_oversize_and_contention_are_explicit_nonblocking_rejections (test_async_persistence.TestAsyncLogger.test_oversize_and_contention_are_explicit_nonblocking_rejections) ... ok
test_partial_write_failure_retries_without_duplicate_telemetry (test_async_persistence.TestAsyncLogger.test_partial_write_failure_retries_without_duplicate_telemetry) ... ok
test_replacement_attempts_are_bounded_to_two (test_async_persistence.TestAsyncLogger.test_replacement_attempts_are_bounded_to_two) ... ok
test_reserved_event_lane_survives_full_telemetry_and_console (test_async_persistence.TestAsyncLogger.test_reserved_event_lane_survives_full_telemetry_and_console) ... {"message": "pending"}
{"message": "pending"}
ok
test_sampling_size_limit_and_jsonl_manifest_fields (test_async_persistence.TestAsyncLogger.test_sampling_size_limit_and_jsonl_manifest_fields) ... ok
test_worker_death_after_publication_reconciles_same_immutable_id (test_async_persistence.TestAsyncLogger.test_worker_death_after_publication_reconciles_same_immutable_id) ... ok
test_ack_lost_after_video_publication_is_reconciled_without_duplicate (test_async_persistence.TestAsyncRecorder.test_ack_lost_after_video_publication_is_reconciled_without_duplicate) ... ok
test_blocked_recorder_does_not_hold_logger_disk_locks (test_async_persistence.TestAsyncRecorder.test_blocked_recorder_does_not_hold_logger_disk_locks) ... ok
test_boundary_and_gap_tolerances_are_configured_and_inclusive (test_async_persistence.TestAsyncRecorder.test_boundary_and_gap_tolerances_are_configured_and_inclusive) ... ok
test_close_pending_does_not_claim_finalized_or_durable (test_async_persistence.TestAsyncRecorder.test_close_pending_does_not_claim_finalized_or_durable) ... ok
test_disabled_has_no_worker_arena_prebuffer_scan_or_copy (test_async_persistence.TestAsyncRecorder.test_disabled_has_no_worker_arena_prebuffer_scan_or_copy) ... ok
test_final_publication_exception_reconciles_without_duplicate_video (test_async_persistence.TestAsyncRecorder.test_final_publication_exception_reconciles_without_duplicate_video) ... ok
test_finalized_durable_file_can_have_incomplete_coverage (test_async_persistence.TestAsyncRecorder.test_finalized_durable_file_can_have_incomplete_coverage) ... ok
test_full_frame_arena_rejects_before_copy (test_async_persistence.TestAsyncRecorder.test_full_frame_arena_rejects_before_copy) ... ok
test_private_frame_survives_source_mutation (test_async_persistence.TestAsyncRecorder.test_private_frame_survives_source_mutation) ... ok
test_process_death_retains_queued_frames_and_marks_recovery_incomplete (test_async_persistence.TestAsyncRecorder.test_process_death_retains_queued_frames_and_marks_recovery_incomplete) ... ok
test_repeated_regressive_nonfinite_timestamps_do_not_extend_windows (test_async_persistence.TestAsyncRecorder.test_repeated_regressive_nonfinite_timestamps_do_not_extend_windows) ... ok
test_source_gap_and_missing_boundaries_are_independent (test_async_persistence.TestAsyncRecorder.test_source_gap_and_missing_boundaries_are_independent) ... ok
test_unavailable_incident_uses_independent_event_channel (test_async_persistence.TestAsyncRecorder.test_unavailable_incident_uses_independent_event_channel) ... ok
test_variable_fps_successive_incidents_keep_source_windows_and_ids (test_async_persistence.TestAsyncRecorder.test_variable_fps_successive_incidents_keep_source_windows_and_ids) ... ok
test_abstract_socket_snapshot_needs_no_disk_or_queue (test_async_persistence.TestHealthSocket.test_abstract_socket_snapshot_needs_no_disk_or_queue) ... ok
test_assimetria_nao_usa_media_dos_ears (test_binocular_recovery.TestBinocularEvidence.test_assimetria_nao_usa_media_dos_ears) ... ok
test_bordas_configuradas_e_origem_temporal_nao_zero (test_binocular_recovery.TestBinocularEvidence.test_bordas_configuradas_e_origem_temporal_nao_zero) ... ok
test_gap_antes_de_reabrir_nao_finaliza_trecho (test_binocular_recovery.TestBinocularEvidence.test_gap_antes_de_reabrir_nao_finaliza_trecho) ... ok
test_gaps_de_500_600ms_e_34s (test_binocular_recovery.TestBinocularEvidence.test_gaps_de_500_600ms_e_34s) ... ok
test_invalidez_antes_de_finalizar_e_perda_de_face (test_binocular_recovery.TestBinocularEvidence.test_invalidez_antes_de_finalizar_e_perda_de_face) ... ok
test_monocular_antigo_nao_promove_imediatamente (test_binocular_recovery.TestBinocularEvidence.test_monocular_antigo_nao_promove_imediatamente) ... ok
test_reabertura_no_limiar_finaliza_trecho_valido (test_binocular_recovery.TestBinocularEvidence.test_reabertura_no_limiar_finaliza_trecho_valido) ... ok
test_reabertura_transporta_evento_e_histerese_nao_e_evidencia (test_binocular_recovery.TestBinocularEvidence.test_reabertura_transporta_evento_e_histerese_nao_e_evidencia) ... ok
test_recuperar_olho_ja_aberto_nao_finaliza_binocular (test_binocular_recovery.TestBinocularEvidence.test_recuperar_olho_ja_aberto_nao_finaliza_binocular) ... ok
test_timestamps_invalidos_preservam_rejeicao_e_contador (test_binocular_recovery.TestBinocularEvidence.test_timestamps_invalidos_preservam_rejeicao_e_contador) ... ok
test_timestamps_repetidos_nao_acumulam_e_reset_limpa (test_binocular_recovery.TestBinocularEvidence.test_timestamps_repetidos_nao_acumulam_e_reset_limpa) ... ok
test_trechos_de_600ms_nao_sao_somados (test_binocular_recovery.TestBinocularEvidence.test_trechos_de_600ms_nao_sao_somados) ... ok
test_valores_invalidos_interrompem_qualquer_olho (test_binocular_recovery.TestBinocularEvidence.test_valores_invalidos_interrompem_qualquer_olho) ... ok
test_inicio_monocular_recupera_critical_em_1_1s (test_binocular_recovery.TestBinocularReproductions.test_inicio_monocular_recupera_critical_em_1_1s) ... ok
test_perclos_real_promove_apesar_do_historico_monocular (test_binocular_recovery.TestBinocularReproductions.test_perclos_real_promove_apesar_do_historico_monocular) ... ok
test_perda_depois_de_critical_permite_nova_promocao (test_binocular_recovery.TestBinocularReproductions.test_perda_depois_de_critical_permite_nova_promocao) ... ok
test_perda_em_600ms_recupera_critical_em_1_7s (test_binocular_recovery.TestBinocularReproductions.test_perda_em_600ms_recupera_critical_em_1_7s) ... ok
test_defaults_preservam_construcao_posicional (test_binocular_recovery.TestBinocularSerialization.test_defaults_preservam_construcao_posicional) ... ok
test_registros_serializados_e_manifesto (test_binocular_recovery.TestBinocularSerialization.test_registros_serializados_e_manifesto) ... ok
test_degraded_e_unknown_preservados_com_evidencia (test_binocular_recovery.TestPerclosAvailabilityAndFsm.test_degraded_e_unknown_preservados_com_evidencia) ... ok
test_indisponibilidade_nao_substitui_recuperacao_da_fsm (test_binocular_recovery.TestPerclosAvailabilityAndFsm.test_indisponibilidade_nao_substitui_recuperacao_da_fsm) ... ok
test_limiar_critico_configurado_independe_do_historico (test_binocular_recovery.TestPerclosAvailabilityAndFsm.test_limiar_critico_configurado_independe_do_historico) ... ok
test_valor_indisponivel_nao_e_evidencia (test_binocular_recovery.TestPerclosAvailabilityAndFsm.test_valor_indisponivel_nao_e_evidencia) ... ok
test_empty_video_remains_partial_and_is_not_published (test_danger_recorder_fsm.TestAtomicIncidentPublication.test_empty_video_remains_partial_and_is_not_published) ... ok
test_graceful_close_publishes_aborted_metadata (test_danger_recorder_fsm.TestAtomicIncidentPublication.test_graceful_close_publishes_aborted_metadata) ... ok
test_incident_is_partial_until_writer_release_then_published (test_danger_recorder_fsm.TestAtomicIncidentPublication.test_incident_is_partial_until_writer_release_then_published) ... ok
test_reentry_during_post_roll_correlates_second_event (test_danger_recorder_fsm.TestAtomicIncidentPublication.test_reentry_during_post_roll_correlates_second_event) ... ok
test_release_failure_remains_partial_and_is_not_published (test_danger_recorder_fsm.TestAtomicIncidentPublication.test_release_failure_remains_partial_and_is_not_published) ... ok
test_stale_partial_is_reported_without_promotion (test_danger_recorder_fsm.TestAtomicIncidentPublication.test_stale_partial_is_reported_without_promotion) ... ok
test_c2_frame_size_errado_fica_inerte (test_danger_recorder_fsm.TestRecorderFSM.test_c2_frame_size_errado_fica_inerte)
C2 (comportamento ATUAL, congelado): frame com shape != frame_size ... ok
test_close_libera_writer_no_meio_do_incidente (test_danger_recorder_fsm.TestRecorderFSM.test_close_libera_writer_no_meio_do_incidente)
SIGINT durante RECORDING_ACTIVE: close() precisa liberar o writer. ... ok
test_cooldown_expirado_com_danger_reinicia_no_mesmo_frame (test_danger_recorder_fsm.TestRecorderFSM.test_cooldown_expirado_com_danger_reinicia_no_mesmo_frame) ... ok
test_cooldown_expirado_sem_danger_volta_a_monitorar (test_danger_recorder_fsm.TestRecorderFSM.test_cooldown_expirado_sem_danger_volta_a_monitorar) ... ok
test_cooldown_suprime_novo_incidente (test_danger_recorder_fsm.TestRecorderFSM.test_cooldown_suprime_novo_incidente) ... ok
test_danger_inicia_gravacao_com_preroll (test_danger_recorder_fsm.TestRecorderFSM.test_danger_inicia_gravacao_com_preroll) ... ok
test_desabilitado_e_noop (test_danger_recorder_fsm.TestRecorderFSM.test_desabilitado_e_noop) ... ok
test_falha_de_abertura_nao_derruba_e_nao_flooda (test_danger_recorder_fsm.TestRecorderFSM.test_falha_de_abertura_nao_derruba_e_nao_flooda)
Writer que não abre: volta a MONITORING e segue vivo — o loop da ... ok
test_pos_roll_expira_para_cooldown (test_danger_recorder_fsm.TestRecorderFSM.test_pos_roll_expira_para_cooldown) ... ok
test_re_alerta_no_pos_roll_continua_mesmo_arquivo (test_danger_recorder_fsm.TestRecorderFSM.test_re_alerta_no_pos_roll_continua_mesmo_arquivo)
1 frame SAFE no meio de um incidente NÃO fecha o clipe: re-alerta ... ok
test_ring_buffer_respeita_maxlen (test_danger_recorder_fsm.TestRecorderFSM.test_ring_buffer_respeita_maxlen)
Pré-roll = 10 frames; o 11º expulsa o mais antigo (FIFO). ... ok
test_safe_arma_pos_roll_wallclock (test_danger_recorder_fsm.TestRecorderFSM.test_safe_arma_pos_roll_wallclock) ... ok
test_warning_e_unknown_nao_abrem_incidente (test_danger_recorder_fsm.TestRecorderFSM.test_warning_e_unknown_nao_abrem_incidente) ... ok
test_header_fps_e_o_do_construtor (test_danger_recorder_fsm.TestVideoWriterFpsHeader.test_header_fps_e_o_do_construtor) ... ok
test_distracao_exige_recuperacao_frontal (test_deterministic_runtime.TestAttentionFsm.test_distracao_exige_recuperacao_frontal) ... ok
test_pose_e_comparada_a_neutra_e_tem_debounce (test_deterministic_runtime.TestAttentionFsm.test_pose_e_comparada_a_neutra_e_tem_debounce) ... ok
test_sem_zonas_hil_permanece_indisponivel (test_deterministic_runtime.TestAttentionFsm.test_sem_zonas_hil_permanece_indisponivel) ... ok
test_enrollment_rejeita_amostras_insuficientes (test_deterministic_runtime.TestEyeCalibration.test_enrollment_rejeita_amostras_insuficientes) ... ok
test_enrollment_usa_fases_explicitas_e_percentis_robustos (test_deterministic_runtime.TestEyeCalibration.test_enrollment_usa_fases_explicitas_e_percentis_robustos) ... ok
test_roundtrip_json_preserva_pose_e_referencias (test_deterministic_runtime.TestEyeCalibration.test_roundtrip_json_preserva_pose_e_referencias) ... ok
test_validacao_rejeita_contagem_de_enrollment_insuficiente (test_deterministic_runtime.TestEyeCalibration.test_validacao_rejeita_contagem_de_enrollment_insuficiente) ... ok
test_validacao_rejeita_referencias_sem_separacao (test_deterministic_runtime.TestEyeCalibration.test_validacao_rejeita_referencias_sem_separacao) ... ok
test_borda_1000ms_com_decimal_dispara_sem_atraso (test_deterministic_runtime.TestEyeClosureDetector.test_borda_1000ms_com_decimal_dispara_sem_atraso) ... ok
test_borda_400ms_com_timestamp_grande_continua_piscada (test_deterministic_runtime.TestEyeClosureDetector.test_borda_400ms_com_timestamp_grande_continua_piscada) ... ok
test_fechamento_prolongado_usa_tempo_e_ear (test_deterministic_runtime.TestEyeClosureDetector.test_fechamento_prolongado_usa_tempo_e_ear) ... ok
test_limiar_absoluto_fecha_sem_fallback (test_deterministic_runtime.TestEyeClosureDetector.test_limiar_absoluto_fecha_sem_fallback) ... ok
test_normalizacao_aberto_fechado_e_clamp (test_deterministic_runtime.TestEyeClosureDetector.test_normalizacao_aberto_fechado_e_clamp) ... ok
test_normalizacao_rejeita_referencias_invertidas (test_deterministic_runtime.TestEyeClosureDetector.test_normalizacao_rejeita_referencias_invertidas) ... ok
test_piscada_ate_400ms_e_excluida (test_deterministic_runtime.TestEyeClosureDetector.test_piscada_ate_400ms_e_excluida) ... ok
test_reabertura_em_1000ms_preserva_fechamento_prolongado (test_deterministic_runtime.TestEyeClosureDetector.test_reabertura_em_1000ms_preserva_fechamento_prolongado) ... ok
test_reabertura_esparsa_preserva_fechamento_estendido (test_deterministic_runtime.TestEyeClosureDetector.test_reabertura_esparsa_preserva_fechamento_estendido) ... ok
test_reset_descarta_fechamento_parcial (test_deterministic_runtime.TestEyeClosureDetector.test_reset_descarta_fechamento_parcial) ... ok
test_um_olho_valido_e_preservado_no_evento (test_deterministic_runtime.TestEyeClosureDetector.test_um_olho_valido_e_preservado_no_evento) ... ok
test_gate_relativo_sem_pose_neutra_fica_indisponivel (test_deterministic_runtime.TestEyeQualityGate.test_gate_relativo_sem_pose_neutra_fica_indisponivel) ... ok
test_nan_ou_ear_ausente_invalida_apenas_o_olho (test_deterministic_runtime.TestEyeQualityGate.test_nan_ou_ear_ausente_invalida_apenas_o_olho) ... ok
test_pose_e_relativa_ao_enrollment (test_deterministic_runtime.TestEyeQualityGate.test_pose_e_relativa_ao_enrollment) ... ok
test_sem_face_invalida_os_dois_olhos (test_deterministic_runtime.TestEyeQualityGate.test_sem_face_invalida_os_dois_olhos) ... ok
test_borda_de_recuperacao_decimal_nao_atrasa (test_deterministic_runtime.TestFatigueFsm.test_borda_de_recuperacao_decimal_nao_atrasa) ... ok
test_bordas_perclos_de_15_e_30_por_cento (test_deterministic_runtime.TestFatigueFsm.test_bordas_perclos_de_15_e_30_por_cento) ... ok
test_critical_exige_recuperacao_continua (test_deterministic_runtime.TestFatigueFsm.test_critical_exige_recuperacao_continua) ... ok
test_dois_olhos_e_fechamento_prolongado_viram_critical (test_deterministic_runtime.TestFatigueFsm.test_dois_olhos_e_fechamento_prolongado_viram_critical) ... ok
test_indisponivel_nunca_vira_safe (test_deterministic_runtime.TestFatigueFsm.test_indisponivel_nunca_vira_safe) ... ok
test_perclos_aplica_warning_e_critical (test_deterministic_runtime.TestFatigueFsm.test_perclos_aplica_warning_e_critical) ... ok
test_perda_de_um_olho_remove_critical_imediatamente (test_deterministic_runtime.TestFatigueFsm.test_perda_de_um_olho_remove_critical_imediatamente) ... ok
test_um_olho_aberto_nao_e_safe (test_deterministic_runtime.TestFatigueFsm.test_um_olho_aberto_nao_e_safe) ... ok
test_um_olho_valido_limita_fechamento_a_warning (test_deterministic_runtime.TestFatigueFsm.test_um_olho_valido_limita_fechamento_a_warning) ... ok
test_fechamento_continuo_produz_ativo_fadiga_sono (test_deterministic_runtime.TestFatigueRuntime.test_fechamento_continuo_produz_ativo_fadiga_sono) ... ok
test_piscada_curta_nao_gera_warning (test_deterministic_runtime.TestFatigueRuntime.test_piscada_curta_nao_gera_warning) ... ok
test_reabertura_binocular_nao_promove_episodio_monocular (test_deterministic_runtime.TestFatigueRuntime.test_reabertura_binocular_nao_promove_episodio_monocular) ... ok
test_reset_remove_estado_temporal (test_deterministic_runtime.TestFatigueRuntime.test_reset_remove_estado_temporal) ... ok
test_sem_calibracao_olhos_abertos_ficam_ativos (test_deterministic_runtime.TestFatigueRuntime.test_sem_calibracao_olhos_abertos_ficam_ativos) ... ok
test_um_olho_aberto_fica_degraded_e_unknown (test_deterministic_runtime.TestFatigueRuntime.test_um_olho_aberto_fica_degraded_e_unknown) ... ok
test_um_olho_fica_no_maximo_em_warning (test_deterministic_runtime.TestFatigueRuntime.test_um_olho_fica_no_maximo_em_warning) ... ok
test_defaults_preservam_janela_cobertura_e_piscada (test_deterministic_runtime.TestPerclosTracker.test_defaults_preservam_janela_cobertura_e_piscada) ... ok
test_deque_tem_limite_e_reset (test_deterministic_runtime.TestPerclosTracker.test_deque_tem_limite_e_reset) ... ok
test_ear_absoluto_alimenta_perclos_sem_calibracao (test_deterministic_runtime.TestPerclosTracker.test_ear_absoluto_alimenta_perclos_sem_calibracao) ... ok
test_exige_dois_olhos_e_cobertura_minima (test_deterministic_runtime.TestPerclosTracker.test_exige_dois_olhos_e_cobertura_minima) ... ok
test_fechamento_assimetrico_nao_conta_perclos_binocular (test_deterministic_runtime.TestPerclosTracker.test_fechamento_assimetrico_nao_conta_perclos_binocular) ... ok
test_fechamento_longo_conta_retroativamente_desde_o_inicio (test_deterministic_runtime.TestPerclosTracker.test_fechamento_longo_conta_retroativamente_desde_o_inicio) ... ok
test_integra_tempo_fechado_em_vez_de_frames (test_deterministic_runtime.TestPerclosTracker.test_integra_tempo_fechado_em_vez_de_frames) ... ok
test_piscadas_repetidas_nao_inflam_perclos (test_deterministic_runtime.TestPerclosTracker.test_piscadas_repetidas_nao_inflam_perclos) ... ok
test_reabertura_promove_episodio_sem_frame_pos_limiar (test_deterministic_runtime.TestPerclosTracker.test_reabertura_promove_episodio_sem_frame_pos_limiar) ... ok
test_timestamp_regressivo_e_rejeitado (test_deterministic_runtime.TestPerclosTracker.test_timestamp_regressivo_e_rejeitado) ... ok
test_dataclasses_sao_imutaveis (test_deterministic_runtime.TestRuntimeModels.test_dataclasses_sao_imutaveis) ... ok
test_quality_conta_olhos_validos (test_deterministic_runtime.TestRuntimeModels.test_quality_conta_olhos_validos) ... ok
test_ambas_clis_aceitam_seletor_fisico_explicito (test_feature_extractor_runtime.TestProductionCli.test_ambas_clis_aceitam_seletor_fisico_explicito) ... ok
test_ambas_clis_rejeitam_reserva_de_indice_do_monitor (test_feature_extractor_runtime.TestProductionCli.test_ambas_clis_rejeitam_reserva_de_indice_do_monitor) ... ok
test_cli_de_enrollment_usa_id_fisica_e_saida_versionada (test_feature_extractor_runtime.TestProductionCli.test_cli_de_enrollment_usa_id_fisica_e_saida_versionada) ... ok
test_cli_nao_expoe_mlp_onnx_ou_znorm (test_feature_extractor_runtime.TestProductionCli.test_cli_nao_expoe_mlp_onnx_ou_znorm) ... ok
test_cli_rejeita_minimo_produtivo_inferior_a_30 (test_feature_extractor_runtime.TestProductionCli.test_cli_rejeita_minimo_produtivo_inferior_a_30) ... ok
test_eixos_da_matriz_mapeiam_pitch_yaw_roll (test_feature_extractor_runtime.TestRealTimeFeatureExtractor.test_eixos_da_matriz_mapeiam_pitch_yaw_roll) ... ok
test_face_sem_matriz_nao_inventa_pose_zero (test_feature_extractor_runtime.TestRealTimeFeatureExtractor.test_face_sem_matriz_nao_inventa_pose_zero) ... ok
test_matriz_identidade_produz_pose_neutra (test_feature_extractor_runtime.TestRealTimeFeatureExtractor.test_matriz_identidade_produz_pose_neutra) ... ok
test_sem_face_nao_inventa_ear (test_feature_extractor_runtime.TestRealTimeFeatureExtractor.test_sem_face_nao_inventa_ear) ... ok
test_timestamp_real_chega_ao_backend_e_ao_frame (test_feature_extractor_runtime.TestRealTimeFeatureExtractor.test_timestamp_real_chega_ao_backend_e_ao_frame) ... ok
test_ausencia_e_ambiguidade_informam_ids_detectadas (test_feature_vector_camera.TestCameraRouting.test_ausencia_e_ambiguidade_informam_ids_detectadas) ... ok
test_camera_alvo_sozinha_e_suficiente (test_feature_vector_camera.TestCameraRouting.test_camera_alvo_sozinha_e_suficiente) ... ok
test_cameras_adicionais_nao_impedem_selecao_unica (test_feature_vector_camera.TestCameraRouting.test_cameras_adicionais_nao_impedem_selecao_unica) ... ok
test_porta_fisica_independe_da_ordem_e_do_formato_da_id (test_feature_vector_camera.TestCameraRouting.test_porta_fisica_independe_da_ordem_e_do_formato_da_id) ... ok
test_seletor_vazio_nao_aceita_qualquer_camera (test_feature_vector_camera.TestCameraRouting.test_seletor_vazio_nao_aceita_qualquer_camera) ... ok
test_log_registra_id_indice_e_metodo_absoluto (test_feature_vector_camera.TestCameraRunMetadata.test_log_registra_id_indice_e_metodo_absoluto) ... ok
test_eof_sem_loop_marca_exhausted (test_feature_vector_camera.TestCameraVideoLoop.test_eof_sem_loop_marca_exhausted) ... ok
test_releitura_pos_rewind_falha_marca_exhausted (test_feature_vector_camera.TestCameraVideoLoop.test_releitura_pos_rewind_falha_marca_exhausted) ... ok
test_replay_usa_pts_do_arquivo (test_feature_vector_camera.TestCameraVideoLoop.test_replay_usa_pts_do_arquivo) ... ok
test_rewind_no_eof_com_loop (test_feature_vector_camera.TestCameraVideoLoop.test_rewind_no_eof_com_loop) ... ok
test_abre_id_correta_sem_pausa_e_registra_indice_resolvido (test_feature_vector_camera.TestPicameraOpening.test_abre_id_correta_sem_pausa_e_registra_indice_resolvido) ... ok
test_camera_ocupada_nao_provoca_tentativa_em_outra (test_feature_vector_camera.TestPicameraOpening.test_camera_ocupada_nao_provoca_tentativa_em_outra) ... ok
test_falha_de_inicio_libera_camera_e_preserva_erro (test_feature_vector_camera.TestPicameraOpening.test_falha_de_inicio_libera_camera_e_preserva_erro) ... ok
test_fonte_ausente_ou_ambigua_falha_sem_abrir_ou_esperar (test_feature_vector_camera.TestPicameraOpening.test_fonte_ausente_ou_ambigua_falha_sem_abrir_ou_esperar) ... ok
test_opencv_mantem_indice_explicito (test_feature_vector_camera.TestPicameraOpening.test_opencv_mantem_indice_explicito) ... ok
test_noop_quando_ja_no_tamanho (test_feature_vector_camera.TestToTargetSize.test_noop_quando_ja_no_tamanho)
Early-return: mesmo objeto, sem cópia (custo zero na IMX500). ... ok
test_paisagem_vira_640x480 (test_feature_vector_camera.TestToTargetSize.test_paisagem_vira_640x480) ... ok
test_retrato_vira_640x480 (test_feature_vector_camera.TestToTargetSize.test_retrato_vira_640x480)
O caso real do 10.mp4: retrato 1080x1920 forçado a 640x480. ... ok
test_publish_progresses_during_real_40_second_io_blocks (test_persistence_reproduction.TestPersistenceReproduction.test_publish_progresses_during_real_40_second_io_blocks)
Open/write/finalize recorder blocks, event write block, independent apps. ... ok
test_artefatos_legados_nao_estao_na_raiz (test_production_boundary.TestProductionBoundary.test_artefatos_legados_nao_estao_na_raiz) ... ok
test_compose_usa_um_bind_de_logs_e_limita_stdout (test_production_boundary.TestProductionBoundary.test_compose_usa_um_bind_de_logs_e_limita_stdout) ... ok
test_docker_inicia_runtime_direto_na_camera_fisica (test_production_boundary.TestProductionBoundary.test_docker_inicia_runtime_direto_na_camera_fisica) ... ok
test_dockerfile_inclui_primitivas_atomicas_e_amostragem (test_production_boundary.TestProductionBoundary.test_dockerfile_inclui_primitivas_atomicas_e_amostragem) ... ok
test_entrypoint_dockerfile_e_compose_nao_referenciam_legado (test_production_boundary.TestProductionBoundary.test_entrypoint_dockerfile_e_compose_nao_referenciam_legado) ... ok
test_producao_nao_carrega_ou_empacota_calibracao (test_production_boundary.TestProductionBoundary.test_producao_nao_carrega_ou_empacota_calibracao) ... ok
test_atomic_json_fsyncs_each_new_directory_entry (test_structured_logger.TestAtomicPersistence.test_atomic_json_fsyncs_each_new_directory_entry) ... ok
test_atomic_json_fsyncs_file_links_then_fsyncs_parent (test_structured_logger.TestAtomicPersistence.test_atomic_json_fsyncs_file_links_then_fsyncs_parent) ... ok
test_publish_directory_does_not_replace_existing_destination (test_structured_logger.TestAtomicPersistence.test_publish_directory_does_not_replace_existing_destination) ... ok
test_cli_uses_log_root_and_segment_defaults (test_structured_logger.TestRunHostLogging.test_cli_uses_log_root_and_segment_defaults) ... ok
test_critical_episode_correlates_state_events_and_recorder (test_structured_logger.TestRunHostLogging.test_critical_episode_correlates_state_events_and_recorder) ... ok
test_frame_and_assessment_payloads_are_distinct (test_structured_logger.TestRunHostLogging.test_frame_and_assessment_payloads_are_distinct) ... ok
test_recorder_receives_logical_reference_when_event_admission_fails (test_structured_logger.TestRunHostLogging.test_recorder_receives_logical_reference_when_event_admission_fails) ... ok
test_age_timer_publishes_without_another_frame (test_structured_logger.TestStructuredLogger.test_age_timer_publishes_without_another_frame) ... ok
test_disabled_logger_is_a_noop (test_structured_logger.TestStructuredLogger.test_disabled_logger_is_a_noop) ... ok
test_event_accepts_explicit_logical_event_id (test_structured_logger.TestStructuredLogger.test_event_accepts_explicit_logical_event_id) ... ok
test_event_rejects_all_reserved_data_fields (test_structured_logger.TestStructuredLogger.test_event_rejects_all_reserved_data_fields) ... ok
test_final_names_are_immutable_and_empty_segment_is_not_published (test_structured_logger.TestStructuredLogger.test_final_names_are_immutable_and_empty_segment_is_not_published) ... ok
test_layout_and_record_envelopes (test_structured_logger.TestStructuredLogger.test_layout_and_record_envelopes) ... ok
test_mismatched_pair_is_rejected_before_opening_segment (test_structured_logger.TestStructuredLogger.test_mismatched_pair_is_rejected_before_opening_segment) ... ok
test_pair_larger_than_hard_limit_is_rejected (test_structured_logger.TestStructuredLogger.test_pair_larger_than_hard_limit_is_rejected) ... ok
test_rotation_by_age_keeps_each_pair_together (test_structured_logger.TestStructuredLogger.test_rotation_by_age_keeps_each_pair_together) ... ok
test_rotation_by_size_never_splits_a_pair (test_structured_logger.TestStructuredLogger.test_rotation_by_size_never_splits_a_pair) ... ok
test_sampling_is_independent (test_structured_logger.TestStructuredLogger.test_sampling_is_independent) ... ok
test_stale_partial_is_reported_but_not_modified_or_promoted (test_structured_logger.TestStructuredLogger.test_stale_partial_is_reported_but_not_modified_or_promoted) ... ok
test_local_dry_run_selects_only_final_log_files (test_sync_contract.TestRsyncFilterSelection.test_local_dry_run_selects_only_final_log_files) ... ok
test_script_copies_locally_and_writes_transfer_status (test_sync_contract.TestRsyncFilterSelection.test_script_copies_locally_and_writes_transfer_status) ... ok
test_script_propagates_transfer_failure_into_status (test_sync_contract.TestRsyncFilterSelection.test_script_propagates_transfer_failure_into_status) ... ok
test_filter_excludes_unsafe_paths_before_log_inclusions (test_sync_contract.TestSyncStaticContract.test_filter_excludes_unsafe_paths_before_log_inclusions) ... ok
test_installer_only_copies_new_assets_without_unit_lifecycle (test_sync_contract.TestSyncStaticContract.test_installer_only_copies_new_assets_without_unit_lifecycle) ... ok
test_only_current_versioned_assets_are_present (test_sync_contract.TestSyncStaticContract.test_only_current_versioned_assets_are_present) ... ok
test_readme_documents_current_sync_only (test_sync_contract.TestSyncStaticContract.test_readme_documents_current_sync_only) ... ok
test_script_has_lock_ssh_timeouts_logging_and_env_overrides (test_sync_contract.TestSyncStaticContract.test_script_has_lock_ssh_timeouts_logging_and_env_overrides) ... ok
test_script_has_single_root_single_rsync_and_safe_flags (test_sync_contract.TestSyncStaticContract.test_script_has_single_root_single_rsync_and_safe_flags) ... ok
test_status_is_atomic_and_contains_required_fields (test_sync_contract.TestSyncStaticContract.test_status_is_atomic_and_contains_required_fields) ... ok
test_systemd_and_dispatcher_contract (test_sync_contract.TestSyncStaticContract.test_systemd_and_dispatcher_contract) ... ok
test_wifi_manager_log_has_bounded_rotation (test_sync_contract.TestSyncStaticContract.test_wifi_manager_log_has_bounded_rotation) ... ok

----------------------------------------------------------------------
Ran 203 tests in 63.643s

OK
